[2026-06-01 10:43:58] SERVER -> CLIENT: 220 smtp.gmail.com ESMTP d9443c01a7336-2bf239e5d8esm119585275ad.3 - gsmtp
[2026-06-01 10:43:58] CLIENT -> SERVER: EHLO localhost
[2026-06-01 10:43:58] SERVER -> CLIENT: 250-smtp.gmail.com at your service, [103.116.169.41]
250-SIZE 35882577
250-8BITMIME
250-STARTTLS
250-ENHANCEDSTATUSCODES
250-PIPELINING
250-CHUNKING
250 SMTPUTF8
[2026-06-01 10:43:58] CLIENT -> SERVER: STARTTLS
[2026-06-01 10:43:58] SERVER -> CLIENT: 220 2.0.0 Ready to start TLS
[2026-06-01 10:43:58] CLIENT -> SERVER: EHLO localhost
[2026-06-01 10:43:59] SERVER -> CLIENT: 250-smtp.gmail.com at your service, [103.116.169.41]
250-SIZE 35882577
250-8BITMIME
250-AUTH LOGIN PLAIN XOAUTH2 PLAIN-CLIENTTOKEN OAUTHBEARER XOAUTH
250-ENHANCEDSTATUSCODES
250-PIPELINING
250-CHUNKING
250 SMTPUTF8
[2026-06-01 10:43:59] CLIENT -> SERVER: AUTH LOGIN
[2026-06-01 10:43:59] SERVER -> CLIENT: 334 VXNlcm5hbWU6
[2026-06-01 10:43:59] CLIENT -> SERVER: [credentials hidden]
[2026-06-01 10:43:59] SERVER -> CLIENT: 334 UGFzc3dvcmQ6
[2026-06-01 10:43:59] CLIENT -> SERVER: [credentials hidden]
[2026-06-01 10:43:59] SERVER -> CLIENT: 235 2.7.0 Accepted
[2026-06-01 10:43:59] CLIENT -> SERVER: MAIL FROM:<supportcsnexplore@gmail.com>
[2026-06-01 10:44:00] SERVER -> CLIENT: 250 2.1.0 OK d9443c01a7336-2bf239e5d8esm119585275ad.3 - gsmtp
[2026-06-01 10:44:00] CLIENT -> SERVER: RCPT TO:<omkeshnarwade9@gmail.com>
[2026-06-01 10:44:00] SERVER -> CLIENT: 250 2.1.5 OK d9443c01a7336-2bf239e5d8esm119585275ad.3 - gsmtp
[2026-06-01 10:44:00] CLIENT -> SERVER: DATA
[2026-06-01 10:44:00] SERVER -> CLIENT: 354 Go ahead d9443c01a7336-2bf239e5d8esm119585275ad.3 - gsmtp
[2026-06-01 10:44:00] CLIENT -> SERVER: Date: Mon, 1 Jun 2026 10:43:58 +0200
[2026-06-01 10:44:00] CLIENT -> SERVER: To: OMKESH NARWADE <omkeshnarwade9@gmail.com>
[2026-06-01 10:44:00] CLIENT -> SERVER: From: CSN Explore <supportcsnexplore@gmail.com>
[2026-06-01 10:44:00] CLIENT -> SERVER: Reply-To: CSN Explore <supportcsnexplore@gmail.com>
[2026-06-01 10:44:00] CLIENT -> SERVER: Subject: =?UTF-8?Q?Verify_Your_Email_=E2=80=94_CSN_Explore?=
[2026-06-01 10:44:00] CLIENT -> SERVER: Message-ID: <CJeuTlkq92wxbWrqsT9TBoGeBDJ5A5gUCDsBS36c@localhost>
[2026-06-01 10:44:00] CLIENT -> SERVER: X-Mailer: PHPMailer 6.9.1 (https://github.com/PHPMailer/PHPMailer)
[2026-06-01 10:44:00] CLIENT -> SERVER: MIME-Version: 1.0
[2026-06-01 10:44:00] CLIENT -> SERVER: Content-Type: multipart/alternative;
[2026-06-01 10:44:00] CLIENT -> SERVER:  boundary="b1=_CJeuTlkq92wxbWrqsT9TBoGeBDJ5A5gUCDsBS36c"
[2026-06-01 10:44:00] CLIENT -> SERVER: Content-Transfer-Encoding: 8bit
[2026-06-01 10:44:00] CLIENT -> SERVER:
[2026-06-01 10:44:00] CLIENT -> SERVER: --b1=_CJeuTlkq92wxbWrqsT9TBoGeBDJ5A5gUCDsBS36c
[2026-06-01 10:44:00] CLIENT -> SERVER: Content-Type: text/plain; charset=us-ascii
[2026-06-01 10:44:00] CLIENT -> SERVER:
[2026-06-01 10:44:00] CLIENT -> SERVER: Hi OMKESH NARWADE,
[2026-06-01 10:44:00] CLIENT -> SERVER:
[2026-06-01 10:44:00] CLIENT -> SERVER: Verify your email by visiting:
[2026-06-01 10:44:00] CLIENT -> SERVER: http://localhost/CSNExplore/verify-email?token=bafc94b79b66057f9c46f536d021e184fdd7f48d8f17a6b0e3f351aa1d4d89ac
[2026-06-01 10:44:00] CLIENT -> SERVER:
[2026-06-01 10:44:00] CLIENT -> SERVER: This link expires in 24 hours.
[2026-06-01 10:44:00] CLIENT -> SERVER:
[2026-06-01 10:44:00] CLIENT -> SERVER: CSN Explore Team
[2026-06-01 10:44:00] CLIENT -> SERVER:
[2026-06-01 10:44:00] CLIENT -> SERVER: --b1=_CJeuTlkq92wxbWrqsT9TBoGeBDJ5A5gUCDsBS36c
[2026-06-01 10:44:00] CLIENT -> SERVER: Content-Type: text/html; charset=UTF-8
[2026-06-01 10:44:00] CLIENT -> SERVER: Content-Transfer-Encoding: 8bit
[2026-06-01 10:44:00] CLIENT -> SERVER:
[2026-06-01 10:44:00] CLIENT -> SERVER: <!DOCTYPE html>
[2026-06-01 10:44:00] CLIENT -> SERVER: <html>
[2026-06-01 10:44:00] CLIENT -> SERVER: <head>
[2026-06-01 10:44:00] CLIENT -> SERVER: <meta charset="UTF-8"/>
[2026-06-01 10:44:00] CLIENT -> SERVER: <style>
[2026-06-01 10:44:00] CLIENT -> SERVER:   body { margin:0; padding:0; background:#f1f5f9; font-family:'Segoe UI',Arial,sans-serif; }
[2026-06-01 10:44:00] CLIENT -> SERVER:   .wrap { max-width:600px; margin:40px auto; background:#fff; border-radius:16px; overflow:hidden; box-shadow:0 4px 24px rgba(0,0,0,0.08); }
[2026-06-01 10:44:00] CLIENT -> SERVER:   .header { background:#ec5b13; padding:36px 40px; text-align:center; }
[2026-06-01 10:44:00] CLIENT -> SERVER:   .header img { height:36px; }
[2026-06-01 10:44:00] CLIENT -> SERVER:   .header h1 { color:#fff; margin:16px 0 0; font-size:22px; font-weight:700; }
[2026-06-01 10:44:00] CLIENT -> SERVER:   .body { padding:40px; }
[2026-06-01 10:44:00] CLIENT -> SERVER:   .body p { color:#475569; font-size:15px; line-height:1.7; margin:0 0 16px; }
[2026-06-01 10:44:00] CLIENT -> SERVER:   .btn { display:inline-block; background:#ec5b13; color:#fff !important; text-decoration:none; padding:14px 32px; border-radius:10px; font-weight:700; font-size:15px; margin:8px 0 24px; }
[2026-06-01 10:44:00] CLIENT -> SERVER:   .note { background:#fff7ed; border:1px solid #fed7aa; border-radius:10px; padding:14px 18px; font-size:13px; color:#9a3412; margin:20px 0 0; }
[2026-06-01 10:44:00] CLIENT -> SERVER:   .footer { background:#f8fafc; padding:24px 40px; text-align:center; font-size:12px; color:#94a3b8; border-top:1px solid #e2e8f0; }
[2026-06-01 10:44:00] CLIENT -> SERVER:   .url-fallback { word-break:break-all; color:#64748b; font-size:12px; margin-top:8px; }
[2026-06-01 10:44:00] CLIENT -> SERVER: </style>
[2026-06-01 10:44:00] CLIENT -> SERVER: </head>
[2026-06-01 10:44:00] CLIENT -> SERVER: <body>
[2026-06-01 10:44:00] CLIENT -> SERVER: <div class="wrap">
[2026-06-01 10:44:00] CLIENT -> SERVER:   <div class="header">
[2026-06-01 10:44:00] CLIENT -> SERVER:     <h1>Verify Your Email Address</h1>
[2026-06-01 10:44:00] CLIENT -> SERVER:   </div>
[2026-06-01 10:44:00] CLIENT -> SERVER:   <div class="body">
[2026-06-01 10:44:00] CLIENT -> SERVER:     <p>Hi <strong>OMKESH NARWADE</strong>,</p>
[2026-06-01 10:44:00] CLIENT -> SERVER:     <p>Thanks for creating an account on <strong>CSN Explore</strong>. To activate your account and start exploring, please verify your email address by clicking the button below.</p>
[2026-06-01 10:44:00] CLIENT -> SERVER:     <p style="text-align:center">
[2026-06-01 10:44:00] CLIENT -> SERVER:       <a href="http://localhost/CSNExplore/verify-email?token=bafc94b79b66057f9c46f536d021e184fdd7f48d8f17a6b0e3f351aa1d4d89ac" class="btn">Verify My Email</a>
[2026-06-01 10:44:00] CLIENT -> SERVER:     </p>
[2026-06-01 10:44:00] CLIENT -> SERVER:     <p class="url-fallback">Or copy and paste this link into your browser:<br/>http://localhost/CSNExplore/verify-email?token=bafc94b79b66057f9c46f536d021e184fdd7f48d8f17a6b0e3f351aa1d4d89ac</p>
[2026-06-01 10:44:00] CLIENT -> SERVER:     <div class="note">
[2026-06-01 10:44:00] CLIENT -> SERVER:       ⏱ This link expires in <strong>24 hours</strong>. If you didn't create an account, you can safely ignore this email.
[2026-06-01 10:44:00] CLIENT -> SERVER:     </div>
[2026-06-01 10:44:00] CLIENT -> SERVER:   </div>
[2026-06-01 10:44:00] CLIENT -> SERVER:   <div class="footer">
[2026-06-01 10:44:00] CLIENT -> SERVER:     &copy; 2026 CSN Explore &mdash; Chhatrapati Sambhajinagar's Travel Platform
[2026-06-01 10:44:00] CLIENT -> SERVER:   </div>
[2026-06-01 10:44:00] CLIENT -> SERVER: </div>
[2026-06-01 10:44:00] CLIENT -> SERVER: </body>
[2026-06-01 10:44:00] CLIENT -> SERVER: </html>
[2026-06-01 10:44:00] CLIENT -> SERVER:
[2026-06-01 10:44:00] CLIENT -> SERVER:
[2026-06-01 10:44:00] CLIENT -> SERVER: --b1=_CJeuTlkq92wxbWrqsT9TBoGeBDJ5A5gUCDsBS36c--
[2026-06-01 10:44:00] CLIENT -> SERVER:
[2026-06-01 10:44:00] CLIENT -> SERVER: .
[2026-06-01 10:44:01] SERVER -> CLIENT: 250 2.0.0 OK  1780303458 d9443c01a7336-2bf239e5d8esm119585275ad.3 - gsmtp
[2026-06-01 10:44:01] CLIENT -> SERVER: RSET
[2026-06-01 10:44:01] SERVER -> CLIENT: 250 2.1.5 Flushed d9443c01a7336-2bf239e5d8esm119585275ad.3 - gsmtp
[2026-06-01 10:44:01] CLIENT -> SERVER: QUIT
[2026-06-01 10:44:01] SERVER -> CLIENT: 221 2.0.0 closing connection d9443c01a7336-2bf239e5d8esm119585275ad.3 - gsmtp
